// Jest Snapshot v1, https://goo.gl/fbAQLP

exports[`useCache() should select paginated results 1`] = `
Array [
  Object {
    "content": "the best things in life com efree",
    "id": 23,
    "tags": Array [
      "one",
      "two",
    ],
    "title": "the first draft",
  },
  Object {
    "content": "the best things in life com efree",
    "id": 44,
    "tags": Array [
      "hbh",
      "wew",
    ],
    "title": "the second book",
  },
  Object {
    "content": "the best things in life com efree",
    "id": 2,
    "tags": Array [
      "free",
      "honey",
    ],
    "title": "the third novel",
  },
  Object {
    "content": "the best things in life com efree",
    "id": 643,
    "title": "a long time ago",
  },
]
`;
